MAGGxDND Session Persistence Test
============================================================
============================================================
Step 1: Logging in...
Creating test user...
Register response: 400
Traceback (most recent call last):
  File "C:\VS_Code\MAGGxDND\test_session_persistence.py", line 172, in <module>
    session_id = test_session_creation()
                 ^^^^^^^^^^^^^^^^^^^^^^^
  File "C:\VS_Code\MAGGxDND\test_session_persistence.py", line 48, in test_session_creation
    print(f"\u2705 Login successful! Token: {token[:50]}...")
  File "C:\Users\User\AppData\Local\Programs\Python\Python312\Lib\encodings\cp1251.py", line 19, in encode
    return codecs.charmap_encode(input,self.errors,encoding_table)[0]
           ^^^^^^^^^^^^^^^^^^^^^^^^^^^^^^^^^^^^^^^^^^^^^^^^^^^^^^^
UnicodeEncodeError: 'charmap' codec can't encode character '\u2705' in position 0: character maps to <undefined>

During handling of the above exception, another exception occurred:

Traceback (most recent call last):
  File "C:\VS_Code\MAGGxDND\test_session_persistence.py", line 183, in <module>
    print(f"\n\u274c ERROR: {e}")
  File "C:\Users\User\AppData\Local\Programs\Python\Python312\Lib\encodings\cp1251.py", line 19, in encode
    return codecs.charmap_encode(input,self.errors,encoding_table)[0]
           ^^^^^^^^^^^^^^^^^^^^^^^^^^^^^^^^^^^^^^^^^^^^^^^^^^^^^^^
UnicodeEncodeError: 'charmap' codec can't encode character '\u274c' in position 2: character maps to <undefined>
